=========== [1/24] A1_V4_champion  00:55:26 ===========
   cleanup#1 残留显存峰值 0MiB
   45s 步数=0 oom=0 proc=37 hbm=55038MiB
   95s 步数=0 oom=0 proc=37 hbm=70930MiB
   145s 步数=0 oom=0 proc=37 hbm=172164MiB
   195s 步数=2 oom=0 proc=37 hbm=210710MiB
   246s 步数=3 oom=0 proc=37 hbm=212250MiB
   296s 步数=4 oom=0 proc=37 hbm=230336MiB
   346s 步数=6 oom=0 proc=37 hbm=230336MiB
   396s 步数=8 oom=0 proc=1 hbm=230336MiB
>>> [1] A1_V4_champion = OK  tflops=854.0  step=21.00s  hbm=225GB  tok/s/gpu=6242  mfu=31.6%
=========== [2/24] A2_no_cutedsl  01:02:31 ===========
   cleanup#1 残留显存峰值 0MiB
   45s 步数=0 oom=0 proc=37 hbm=57076MiB
   96s 步数=0 oom=0 proc=37 hbm=167368MiB
   146s 步数=1 oom=0 proc=37 hbm=215518MiB
   196s 步数=2 oom=0 proc=37 hbm=216798MiB
   247s 步数=3 oom=0 proc=1 hbm=216798MiB
>>> [2] A2_no_cutedsl = CRASH  tflops=  step=s  hbm=212GB  tok/s/gpu=  mfu=%
=========== [3/24] A3_no_a2a_overlap  01:07:04 ===========
   cleanup#1 残留显存峰值 0MiB
   45s 步数=0 oom=0 proc=37 hbm=57176MiB
   95s 步数=0 oom=0 proc=37 hbm=163012MiB
   145s 步数=1 oom=0 proc=37 hbm=204838MiB
   196s 步数=3 oom=0 proc=37 hbm=206470MiB
   246s 步数=3 oom=0 proc=37 hbm=208356MiB
   296s 步数=4 oom=0 proc=37 hbm=224476MiB
   347s 步数=6 oom=0 proc=37 hbm=224476MiB
   397s 步数=8 oom=0 proc=1 hbm=224476MiB
>>> [3] A3_no_a2a_overlap = OK  tflops=718.6  step=24.95s  hbm=219GB  tok/s/gpu=5253  mfu=26.6%
=========== [4/24] A4_no_paged_stash  01:14:10 ===========
   cleanup#1 残留显存峰值 0MiB
   45s 步数=0 oom=0 proc=37 hbm=57676MiB
   95s 步数=0 oom=0 proc=37 hbm=143996MiB
   145s 步数=1 oom=0 proc=37 hbm=188958MiB
   195s 步数=2 oom=0 proc=37 hbm=190780MiB
   246s 步数=3 oom=0 proc=1 hbm=190780MiB
>>> [4] A4_no_paged_stash = CRASH  tflops=  step=s  hbm=186GB  tok/s/gpu=  mfu=%
=========== [5/24] A5_no_router_fusion  01:18:42 ===========
   cleanup#1 残留显存峰值 0MiB
   45s 步数=0 oom=0 proc=37 hbm=57198MiB
   95s 步数=0 oom=0 proc=37 hbm=168302MiB
   145s 步数=1 oom=0 proc=37 hbm=217674MiB
   195s 步数=2 oom=0 proc=37 hbm=217674MiB
   246s 步数=3 oom=0 proc=37 hbm=217674MiB
   296s 步数=5 oom=0 proc=37 hbm=230972MiB
   346s 步数=7 oom=0 proc=37 hbm=230972MiB
   397s 步数=8 oom=0 proc=1 hbm=230972MiB
>>> [5] A5_no_router_fusion = OK  tflops=843.1  step=21.27s  hbm=226GB  tok/s/gpu=6162  mfu=31.2%
=========== [6/24] A6_no_permute_fusion  01:25:48 ===========
   cleanup#1 残留显存峰值 0MiB
   45s 步数=0 oom=0 proc=37 hbm=57196MiB
   96s 步数=0 oom=0 proc=37 hbm=169166MiB
   146s 步数=1 oom=0 proc=37 hbm=215608MiB
   196s 步数=3 oom=0 proc=37 hbm=215608MiB
   247s 步数=3 oom=0 proc=37 hbm=215608MiB
   297s 步数=5 oom=0 proc=37 hbm=230238MiB
   347s 步数=8 oom=0 proc=37 hbm=230238MiB
>>> [6] A6_no_permute_fusion = OK  tflops=854.2  step=20.99s  hbm=225GB  tok/s/gpu=6244  mfu=31.6%
=========== [7/24] A7_dispatcher_alltoall  01:32:03 ===========
   cleanup#1 残留显存峰值 0MiB
   45s 步数=0 oom=0 proc=1 hbm=0MiB
   95s 步数=0 oom=0 proc=1 hbm=0MiB
   145s 步数=0 oom=0 proc=1 hbm=0MiB
   196s 步数=0 oom=0 proc=1 hbm=0MiB
   246s 步数=0 oom=0 proc=1 hbm=0MiB
>>> [7] A7_dispatcher_alltoall = CRASH  tflops=  step=s  hbm=0GB  tok/s/gpu=  mfu=%
=========== [8/24] A8_graph_none  01:36:37 ===========
   cleanup#1 残留显存峰值 0MiB
   45s 步数=0 oom=0 proc=37 hbm=56028MiB
   95s 步数=0 oom=0 proc=37 hbm=141544MiB
   146s 步数=1 oom=0 proc=37 hbm=187632MiB
   196s 步数=2 oom=0 proc=37 hbm=189874MiB
   246s 步数=4 oom=0 proc=37 hbm=190554MiB
   296s 步数=5 oom=0 proc=37 hbm=190554MiB
   347s 步数=7 oom=0 proc=37 hbm=191434MiB
   397s 步数=8 oom=0 proc=1 hbm=191434MiB
>>> [8] A8_graph_none = OK  tflops=572.5  step=31.32s  hbm=187GB  tok/s/gpu=4185  mfu=21.2%
=========== [9/24] A9_graph_TE  01:43:43 ===========
   cleanup#1 残留显存峰值 0MiB
   45s 步数=0 oom=0 proc=37 hbm=56028MiB
   96s 步数=0 oom=0 proc=37 hbm=142870MiB
   146s 步数=1 oom=0 proc=37 hbm=188090MiB
   196s 步数=2 oom=0 proc=37 hbm=189952MiB
   247s 步数=3 oom=0 proc=37 hbm=195048MiB
   298s 步数=5 oom=0 proc=37 hbm=197148MiB
   348s 步数=7 oom=0 proc=37 hbm=197728MiB
   398s 步数=8 oom=0 proc=1 hbm=197728MiB
>>> [9] A9_graph_TE = OK  tflops=827.7  step=21.67s  hbm=193GB  tok/s/gpu=6049  mfu=30.7%
=========== [10/24] A10_no_force_lb  01:50:49 ===========
   cleanup#1 残留显存峰值 0MiB
   45s 步数=0 oom=0 proc=37 hbm=57196MiB
   96s 步数=0 oom=0 proc=37 hbm=168366MiB
   146s 步数=0 oom=0 proc=37 hbm=181142MiB
   196s 步数=1 oom=0 proc=37 hbm=216950MiB
   246s 步数=1 oom=0 proc=37 hbm=216950MiB
   297s 步数=2 oom=0 proc=37 hbm=216954MiB
   347s 步数=3 oom=0 proc=37 hbm=224018MiB
   397s 步数=3 oom=0 proc=37 hbm=224018MiB
   448s 步数=3 oom=0 proc=37 hbm=224018MiB
   498s 步数=3 oom=0 proc=37 hbm=224018MiB
