=========== [1/13] E13_mnnvl_negative  11:47:36 ===========
   cleanup#1 残留 0MiB
   50s 步数=0 oom=0 err=0 proc=5 hbm=2384MiB
   107s 步数=0 oom=0 err=0 proc=37 hbm=68334MiB
   163s 步数=0 oom=0 err=0 proc=37 hbm=99640MiB
   219s 步数=0 oom=0 err=0 proc=37 hbm=216454MiB
   276s 步数=0 oom=0 err=0 proc=37 hbm=217140MiB
   332s 步数=0 oom=0 err=0 proc=37 hbm=230354MiB
   388s 步数=2 oom=0 err=0 proc=37 hbm=278158MiB
   445s 步数=4 oom=0 err=0 proc=37 hbm=278158MiB
   501s 步数=8 oom=0 err=0 proc=1 hbm=278158MiB
   MNNVL 实际值: MNNVL 实际生效值: NCCL_MNNVL_ENABLE=<unset> NCCL_CUMEM_ENABLE=<unset> USE_MNNVL=1
>>> [1] E13_mnnvl_negative = OK tflops=1267.3 step=14.15s hbm=272GB tok=9263 mfu=23.5% 启动=350.1s capture=26.6s
=========== [2/13] E1_qwen3_style  11:56:50 ===========
   cleanup#1 残留 0MiB
   50s 步数=0 oom=0 err=0 proc=37 hbm=32204MiB
   107s 步数=0 oom=0 err=0 proc=37 hbm=100402MiB
   163s 步数=0 oom=0 err=0 proc=37 hbm=216948MiB
   219s 步数=0 oom=0 err=0 proc=37 hbm=216948MiB
   276s 步数=0 oom=0 err=0 proc=37 hbm=231304MiB
   332s 步数=2 oom=0 err=0 proc=37 hbm=279086MiB
   389s 步数=4 oom=0 err=0 proc=37 hbm=279086MiB
   445s 步数=8 oom=0 err=0 proc=5 hbm=279086MiB
   MNNVL 实际值: MNNVL 实际生效值: NCCL_MNNVL_ENABLE=0 NCCL_CUMEM_ENABLE=0 USE_MNNVL=1
>>> [2] E1_qwen3_style = OK tflops=1264.8 step=14.18s hbm=273GB tok=9243 mfu=23.4% 启动=300.2s capture=25.4s
=========== [3/13] E2_our64_scaled  12:05:09 ===========
   cleanup#1 残留 0MiB
   50s 步数=0 oom=0 err=0 proc=37 hbm=48324MiB
   106s 步数=0 oom=0 err=0 proc=37 hbm=191742MiB
   163s 步数=0 oom=0 err=0 proc=37 hbm=203972MiB
   219s 步数=1 oom=0 err=0 proc=37 hbm=249986MiB
   275s 步数=2 oom=0 err=0 proc=37 hbm=252526MiB
   332s 步数=3 oom=0 err=0 proc=37 hbm=252526MiB
   388s 步数=3 oom=0 err=0 proc=37 hbm=252526MiB
   444s 步数=3 oom=0 err=0 proc=37 hbm=252526MiB
   501s 步数=3 oom=0 err=8 proc=37 hbm=252526MiB
   MNNVL 实际值: MNNVL 实际生效值: NCCL_MNNVL_ENABLE=0 NCCL_CUMEM_ENABLE=0 USE_MNNVL=1
>>> [3] E2_our64_scaled = NCCL_ERR tflops= step=s hbm=247GB tok= mfu=% 启动=209.2s capture=s
=========== [4/13] E3_gbs_not_scaled  12:14:18 ===========
   cleanup#1 残留 229108MiB
   cleanup#2 残留 229108MiB
   kill 无效 -> 重建 pod
   重建 2/64
   重建 12/64
   重建 12/64
   重建 12/64
   重建 14/64
   重建 14/64
   重建 15/64
   重建 17/64
   重建 19/64
   重建 19/64
   重建 19/64
   重建 20/64
   重建 21/64
   重建 26/64
   重建 26/64
   重建 26/64
   重建 29/64
   重建 31/64
   重建 32/64
   重建 32/64
   重建 36/64
   重建 41/64
   重建 45/64
   重建 46/64
   重建 46/64
   重建 48/64
   重建 51/64
   重建 52/64
   重建 53/64
   重建 53/64
   重建 53/64
   重建 54/64
   重建 56/64
   重建 57/64
   重建 58/64
   重建 58/64
   重建 58/64
   重建 58/64
   重建 58/64
   重建 60/64
   重建 61/64
   重建 61/64
   重建 61/64
   重建 61/64
   重建 61/64
   重建 61/64
   重建 61/64
   重建 61/64
   重建 61/64
   重建 61/64
   cleanup#3 残留 0MiB
   50s 步数=0 oom=0 err=0 proc=1 hbm=3MiB
   107s 步数=0 oom=0 err=0 proc=1 hbm=3MiB
   163s 步数=0 oom=0 err=0 proc=1 hbm=3MiB
   219s 步数=0 oom=0 err=0 proc=1 hbm=3MiB
   276s 步数=0 oom=0 err=0 proc=1 hbm=3MiB
   332s 步数=0 oom=0 err=0 proc=1 hbm=3MiB
   MNNVL 实际值: MNNVL 实际生效值: NCCL_MNNVL_ENABLE=0 NCCL_CUMEM_ENABLE=0 USE_MNNVL=1
>>> [4] E3_gbs_not_scaled = CRASH tflops= step=s hbm=0GB tok= mfu=% 启动=0.0s capture=s
=========== [5/13] E4_tp2_mbs4  12:36:33 ===========
   cleanup#1 残留 0MiB
   50s 步数=0 oom=0 err=0 proc=1 hbm=3MiB
   106s 步数=0 oom=0 err=0 proc=1 hbm=3MiB
   163s 步数=0 oom=0 err=0 proc=1 hbm=3MiB
   219s 步数=0 oom=0 err=0 proc=1 hbm=3MiB
   275s 步数=0 oom=0 err=0 proc=1 hbm=3MiB
   332s 步数=0 oom=0 err=0 proc=1 hbm=3MiB
   MNNVL 实际值: MNNVL 实际生效值: NCCL_MNNVL_ENABLE=0 NCCL_CUMEM_ENABLE=0 USE_MNNVL=1
>>> [5] E4_tp2_mbs4 = CRASH tflops= step=s hbm=0GB tok= mfu=% 启动=0.0s capture=s
=========== [6/13] E5_tp2_pp4_mbs4  12:42:53 ===========
   cleanup#1 残留 0MiB
   50s 步数=0 oom=0 err=0 proc=1 hbm=3MiB
   107s 步数=0 oom=0 err=0 proc=1 hbm=3MiB
   163s 步数=0 oom=0 err=0 proc=1 hbm=3MiB
   219s 步数=0 oom=0 err=0 proc=1 hbm=3MiB
   276s 步数=0 oom=0 err=0 proc=1 hbm=3MiB
