=========== [1/6] D1_40layer_bf16  04:23:39 ===========
   cleanup#1 残留显存峰值 0MiB
   45s 步数=0 oom=0 proc=37 hbm=32416MiB
   95s 步数=0 oom=0 proc=37 hbm=92608MiB
   145s 步数=2 oom=0 proc=37 hbm=118418MiB
   196s 步数=5 oom=0 proc=37 hbm=126302MiB
   246s 步数=8 oom=0 proc=1 hbm=126302MiB
>>> [1] D1_40layer_bf16 = OK  tflops=846.4  step=10.82s  hbm=123GB  tok/s/gpu=12114  mfu=31.3%
=========== [2/6] D2_40layer_bf16_mbs2  04:28:14 ===========
   cleanup#1 残留显存峰值 0MiB
   45s 步数=0 oom=0 proc=37 hbm=35460MiB
   96s 步数=0 oom=0 proc=37 hbm=154776MiB
   146s 步数=1 oom=0 proc=37 hbm=205364MiB
   196s 步数=3 oom=0 proc=37 hbm=205364MiB
   246s 步数=5 oom=0 proc=37 hbm=205364MiB
   296s 步数=7 oom=0 proc=37 hbm=205364MiB
   347s 步数=8 oom=0 proc=1 hbm=205364MiB
>>> [2] D2_40layer_bf16_mbs2 = OK  tflops=892.7  step=20.52s  hbm=201GB  tok/s/gpu=12775  mfu=33.1%
=========== [3/6] D3_40layer_bf16_mbs4  04:34:28 ===========
   cleanup#1 残留显存峰值 0MiB
   45s 步数=0 oom=0 proc=37 hbm=41554MiB
   96s 步数=0 oom=0 proc=37 hbm=281684MiB
   146s 步数=0 oom=0 proc=37 hbm=283046MiB
   196s 步数=0 oom=1 proc=1 hbm=283046MiB
>>> [3] D3_40layer_bf16_mbs4 = OOM  tflops=  step=s  hbm=276GB  tok/s/gpu=  mfu=%
=========== [4/6] D4_40layer_fp8  04:38:11 ===========
   cleanup#1 残留显存峰值 283228MiB
   cleanup#2 残留显存峰值 283228MiB
   kill 无效，重建 pod 释放 CUDA context ...
   pod 重建中 3/16
   pod 重建中 10/16
   pod 重建中 10/16
   pod 重建中 11/16
   pod 重建中 11/16
   pod 重建中 11/16
   pod 重建中 11/16
   pod 重建中 15/16
   pod 重建中 15/16
   pod 重建中 15/16
   pod 重建中 15/16
   pod 重建中 16/16
   已重新分发 hy3_pretrain.py
   cleanup#3 残留显存峰值 0MiB
   45s 步数=0 oom=0 proc=5 hbm=1954MiB
   96s 步数=0 oom=0 proc=37 hbm=42098MiB
   146s 步数=0 oom=0 proc=37 hbm=72176MiB
   196s 步数=1 oom=0 proc=37 hbm=107078MiB
   246s 步数=3 oom=0 proc=37 hbm=107078MiB
   296s 步数=8 oom=0 proc=1 hbm=107078MiB
>>> [4] D4_40layer_fp8 = OK  tflops=1272.3  step=7.20s  hbm=105GB  tok/s/gpu=18204  mfu=23.6%
=========== [5/6] D5_fp8_ep16_mbs2  04:47:44 ===========
   cleanup#1 残留显存峰值 0MiB
   45s 步数=0 oom=0 proc=37 hbm=77372MiB
   95s 步数=0 oom=0 proc=37 hbm=221964MiB
   146s 步数=0 oom=0 proc=37 hbm=234476MiB
   196s 步数=1 oom=0 proc=37 hbm=275848MiB
   246s 步数=1 oom=0 proc=37 hbm=282896MiB
   297s 步数=1 oom=0 proc=37 hbm=282896MiB
   347s 步数=1 oom=0 proc=37 hbm=283078MiB
   397s 步数=1 oom=0 proc=37 hbm=283078MiB
   448s 步数=1 oom=0 proc=37 hbm=283078MiB
   498s 步数=1 oom=0 proc=37 hbm=283078MiB
   548s 步数=1 oom=0 proc=37 hbm=283174MiB
   598s 步数=1 oom=0 proc=37 hbm=283174MiB
   648s 步数=1 oom=0 proc=37 hbm=283256MiB
   698s 步数=1 oom=0 proc=37 hbm=283256MiB
   749s 步数=1 oom=0 proc=37 hbm=283256MiB
   799s 步数=1 oom=0 proc=37 hbm=283256MiB
   849s 步数=1 oom=0 proc=37 hbm=283256MiB
   899s 步数=1 oom=0 proc=37 hbm=283256MiB
   950s 步数=1 oom=0 proc=37 hbm=283256MiB
   1000s 步数=1 oom=0 proc=37 hbm=283256MiB
   1050s 步数=1 oom=0 proc=37 hbm=283256MiB
   1100s 步数=1 oom=0 proc=37 hbm=283256MiB
   1150s 步数=1 oom=0 proc=37 hbm=283256MiB
   1201s 步数=1 oom=0 proc=37 hbm=283256MiB
   1251s 步数=2 oom=0 proc=37 hbm=283256MiB
   1301s 步数=2 oom=0 proc=37 hbm=283256MiB
   1351s 步数=2 oom=0 proc=37 hbm=283256MiB
   1402s 步数=2 oom=0 proc=37 hbm=283256MiB
