===== bf16 (precision=bf16, seed 固定) 05:13:58 =====
   cleanup#1 残留 0MiB
   45s loss 行数=0/20
   91s loss 行数=0/20
   137s loss 行数=0/20
   184s loss 行数=1/20
   230s loss 行数=3/20
   276s loss 行数=3/20
   323s loss 行数=5/20
   369s loss 行数=7/20
   415s loss 行数=9/20
   462s loss 行数=12/20
   508s loss 行数=14/20
   554s loss 行数=16/20
   601s loss 行数=18/20
   647s loss 行数=20/20
   -> 采集 20 条 loss
===== fp8 (precision=fp8_mx, seed 固定) 05:25:05 =====
   cleanup#1 残留 0MiB
   45s loss 行数=0/20
   92s loss 行数=0/20
   138s loss 行数=0/20
   185s loss 行数=1/20
   231s loss 行数=2/20
   277s loss 行数=3/20
   324s loss 行数=5/20
   370s loss 行数=8/20
   416s loss 行数=12/20
   463s loss 行数=15/20
   509s loss 行数=18/20
   555s loss 行数=20/20
   -> 采集 20 条 loss
   cleanup#1 残留 0MiB
对齐实验完成 05:34:52
